
Memory Configuration

Name             Origin             Length             Attributes
*default*        0x00000000         0xffffffff

Linker script and memory map


.vects          0x00000000        0x4
 *(.vects)
 .vects         0x00000000        0x4 C:\Users\Eduda\Desktop\POT2024_A23B0301P_Schodl\Schodl_A23B0301P\Schodl_A23B0301P\Debug\main.o

.text           0x00000400      0x102
 *(.text)
 .text          0x00000400      0x102 C:\Users\Eduda\Desktop\POT2024_A23B0301P_Schodl\Schodl_A23B0301P\Schodl_A23B0301P\Debug\main.o
                0x00000400                start
 *(.text.*)
                0x00000502                etext = .

.init
 *(.init)

.fini
 *(.fini)

.got
 *(.got)
 *(.got.plt)

.rodata         0x00000502        0x0
 *(.rodata)
 *(.rodata.*)
                0x00000502                _erodata = .

.eh_frame_hdr
 *(.eh_frame_hdr)

.eh_frame
 *(.eh_frame)

.jcr
 *(.jcr)

.tors           0x00000502        0x0
                0x00000502                __CTOR_LIST__ = .
                0x00000502                ___ctors = .
 *(.ctors)
                0x00000502                ___ctors_end = .
                0x00000502                __CTOR_END__ = .
                0x00000502                __DTOR_LIST__ = .
                0x00000502                ___dtors = .
 *(.dtors)
                0x00000502                ___dtors_end = .
                0x00000502                __DTOR_END__ = .
                0x00000502                _mdata = .

.data           0x00ff4000      0x118
                0x00ff4000                _data = .
 *(.data)
 .data          0x00ff4000      0x118 C:\Users\Eduda\Desktop\POT2024_A23B0301P_Schodl\Schodl_A23B0301P\Schodl_A23B0301P\Debug\main.o
 *(.data.*)
                0x00ff4118                _edata = .

.gcc_exc
 *(.gcc_exc)

.bss            0x00ff4118        0x0
                0x00ff4118                _bss = .
 *(.bss)
 .bss           0x00ff4118        0x0 C:\Users\Eduda\Desktop\POT2024_A23B0301P_Schodl\Schodl_A23B0301P\Schodl_A23B0301P\Debug\main.o
 *(.bss.*)
 *(COMMON)
                0x00ff4118                _ebss = .
                0x00ff4118                _end = .

.stack          0x00ffc000        0x0
                0x00ffc000                _stack = .
LOAD C:\Users\Eduda\Desktop\POT2024_A23B0301P_Schodl\Schodl_A23B0301P\Schodl_A23B0301P\Debug\main.o
START GROUP
LOAD c:\program files (x86)\renesas\hew\tools\kpit cummins\gnuh8-elf\v11.02\h8300-elf\h8300-elf\lib\h8300s\liboptc.a
LOAD c:\program files (x86)\renesas\hew\tools\kpit cummins\gnuh8-elf\v11.02\h8300-elf\h8300-elf\lib\h8300s\liboptm.a
LOAD c:\program files (x86)\renesas\hew\tools\kpit cummins\gnuh8-elf\v11.02\h8300-elf\lib\gcc\h8300-elf\4.5-GNUH8_v11.02\h8300s\libgcc.a
END GROUP
OUTPUT(C:\Users\Eduda\Desktop\POT2024_A23B0301P_Schodl\Schodl_A23B0301P\Schodl_A23B0301P\Debug\Schodl_A23B0301P.x elf32-h8300)

.debug_line     0x00000000       0xd7
 .debug_line    0x00000000       0xd7 C:\Users\Eduda\Desktop\POT2024_A23B0301P_Schodl\Schodl_A23B0301P\Schodl_A23B0301P\Debug\main.o

.debug_info     0x00000000       0xe4
 .debug_info    0x00000000       0xe4 C:\Users\Eduda\Desktop\POT2024_A23B0301P_Schodl\Schodl_A23B0301P\Schodl_A23B0301P\Debug\main.o

.debug_abbrev   0x00000000       0x14
 .debug_abbrev  0x00000000       0x14 C:\Users\Eduda\Desktop\POT2024_A23B0301P_Schodl\Schodl_A23B0301P\Schodl_A23B0301P\Debug\main.o

.debug_aranges  0x00000000       0x20
 .debug_aranges
                0x00000000       0x20 C:\Users\Eduda\Desktop\POT2024_A23B0301P_Schodl\Schodl_A23B0301P\Schodl_A23B0301P\Debug\main.o


==============================================================

Listfile generated by KPIT GNUH8 [ELF]-v11.02 on Tuesday, April 23, 2024, 16:32:07

Build options:

-T "C:\Users\Eduda\Desktop\POT2024_A23B0301P_Schodl\Schodl_A23B0301P\Schodl_A23B0301P\Debug\Schodl_A23B0301P_Debug_auto.gsi"
-T "C:\Users\Eduda\Desktop\POT2024_A23B0301P_Schodl\Schodl_A23B0301P\Schodl_A23B0301P\Debug\Schodl_A23B0301P_input.tmp" 
-L "c:\program files (x86)\renesas\hew\tools\kpit cummins\gnuh8-elf\v11.02\h8300-elf\lib\gcc\h8300-elf\4.5-GNUH8_v11.02\h8300s"
-L "c:\program files (x86)\renesas\hew\tools\kpit cummins\gnuh8-elf\v11.02\h8300-elf\h8300-elf\lib\h8300s"
-Map "C:\Users\Eduda\Desktop\POT2024_A23B0301P_Schodl\Schodl_A23B0301P\Schodl_A23B0301P\Debug\Schodl_A23B0301P.map"
-( -l "optc" -l "optm" -l "gcc" -)
-o "C:\Users\Eduda\Desktop\POT2024_A23B0301P_Schodl\Schodl_A23B0301P\Schodl_A23B0301P\Debug\Schodl_A23B0301P.x"
-e _start
INPUT("C:\Users\Eduda\Desktop\POT2024_A23B0301P_Schodl\Schodl_A23B0301P\Schodl_A23B0301P\Debug\main.o")
